// Jest Snapshot v1, https://goo.gl/fbAQLP

exports[`Options matches snapshot 1`] = `
<DocumentFragment>
  <div
    class="options__wrapper-sc-1wxkfq2-0 iLoTFX"
  >
    <div
      class="options__row-sc-1wxkfq2-2 sUSpG"
    >
      <div
        class="options__column-sc-1wxkfq2-3 bFEMcp"
      >
        <div
          class="options__text-sc-1wxkfq2-5 lelrqU"
        >
          Group: 0.5
        </div>
        <div
          class="options__buttons-sc-1wxkfq2-6 kXUnru"
        >
          <button
            class="options__button-sc-1wxkfq2-4 bKjZNU"
            data-testid="decreaseChangeGroup"
          >
            <svg
              fill="none"
              height="14"
              stroke="currentColor"
              stroke-linecap="round"
              stroke-linejoin="round"
              stroke-width="2"
              viewBox="0 0 24 24"
              width="14"
              xmlns="http://www.w3.org/2000/svg"
            >
              <line
                x1="5"
                x2="19"
                y1="12"
                y2="12"
              />
            </svg>
          </button>
          <button
            class="options__button-sc-1wxkfq2-4 bKjZNU"
            data-testid="increaseChangeGroup"
          >
            <svg
              fill="none"
              height="14"
              stroke="currentColor"
              stroke-linecap="round"
              stroke-linejoin="round"
              stroke-width="2"
              viewBox="0 0 24 24"
              width="14"
              xmlns="http://www.w3.org/2000/svg"
            >
              <line
                x1="12"
                x2="12"
                y1="5"
                y2="19"
              />
              <line
                x1="5"
                x2="19"
                y1="12"
                y2="12"
              />
            </svg>
          </button>
        </div>
      </div>
      <div
        class="options__column-sc-1wxkfq2-3 bFEMcp"
      >
        <div
          class="options__text-sc-1wxkfq2-5 lelrqU"
        >
          Limit: 15
        </div>
        <div
          class="options__buttons-sc-1wxkfq2-6 kXUnru"
        >
          <button
            class="options__button-sc-1wxkfq2-4 bKjZNU"
            data-testid="decreaseChangeLimit"
          >
            <svg
              fill="none"
              height="14"
              stroke="currentColor"
              stroke-linecap="round"
              stroke-linejoin="round"
              stroke-width="2"
              viewBox="0 0 24 24"
              width="14"
              xmlns="http://www.w3.org/2000/svg"
            >
              <line
                x1="5"
                x2="19"
                y1="12"
                y2="12"
              />
            </svg>
          </button>
          <button
            class="options__button-sc-1wxkfq2-4 bKjZNU"
            data-testid="increaseChangeLimit"
          >
            <svg
              fill="none"
              height="14"
              stroke="currentColor"
              stroke-linecap="round"
              stroke-linejoin="round"
              stroke-width="2"
              viewBox="0 0 24 24"
              width="14"
              xmlns="http://www.w3.org/2000/svg"
            >
              <line
                x1="12"
                x2="12"
                y1="5"
                y2="19"
              />
              <line
                x1="5"
                x2="19"
                y1="12"
                y2="12"
              />
            </svg>
          </button>
        </div>
      </div>
    </div>
    <div
      class="options__row-sc-1wxkfq2-2 sUSpG"
    >
      <div
        class="options__title-sc-1wxkfq2-1 hNpzzn"
      >
        20 Spread (10.00%)
      </div>
    </div>
  </div>
</DocumentFragment>
`;
